Initialized native services in: C:\Users\Ronal\.gradle\native
Initialized jansi services in: C:\Users\Ronal\.gradle\native
Found daemon DaemonInfo{pid=26952, address=[ec84d61a-fecd-4d99-818b-92cf36920f7e port:55713, addresses:[/127.0.0.1]], state=Idle, lastBusy=1772759193432, context=DefaultDaemonContext[uid=fab666da-c9b3-43a1-b308-1261abff0bc1,javaHome=C:\Program Files\java\jdk-24.0.2,javaVersion=24,javaVendor=Oracle Corporation,daemonRegistryDir=C:\Users\Ronal\.gradle\daemon,pid=26952,idleTimeout=10800000,priority=NORMAL,applyInstrumentationAgent=true,nativeServicesMode=ENABLED,daemonOpts=-XX:MaxMetaspaceSize=384m,-XX:+HeapDumpOnOutOfMemoryError,-Xms256m,-Xmx512m,-Dfile.encoding=UTF-8,-Duser.country=ES,-Duser.language=es,-Duser.variant]} however its context does not match the desired criteria.
At least one daemon option is different.
Wanted: DaemonRequestContext{jvmCriteria=C:\Program Files\java\jdk-24.0.2 (no JDK specified, using current Java home), daemonOpts=[--enable-native-access=ALL-UNNAMED, -Dfile.encoding=UTF-8, -Duser.country=ES, -Duser.language=es, -Duser.variant], applyInstrumentationAgent=true, nativeServicesMode=ENABLED, priority=NORMAL}
Actual: DefaultDaemonContext[uid=fab666da-c9b3-43a1-b308-1261abff0bc1,javaHome=C:\Program Files\java\jdk-24.0.2,javaVersion=24,javaVendor=Oracle Corporation,daemonRegistryDir=C:\Users\Ronal\.gradle\daemon,pid=26952,idleTimeout=10800000,priority=NORMAL,applyInstrumentationAgent=true,nativeServicesMode=ENABLED,daemonOpts=-XX:MaxMetaspaceSize=384m,-XX:+HeapDumpOnOutOfMemoryError,-Xms256m,-Xmx512m,-Dfile.encoding=UTF-8,-Duser.country=ES,-Duser.language=es,-Duser.variant]

  Looking for a different daemon...
Found daemon DaemonInfo{pid=23600, address=[500d8514-35a4-4c46-b4c4-fbc78d345235 port:61057, addresses:[/127.0.0.1]], state=Idle, lastBusy=1772757203658, context=DefaultDaemonContext[uid=3c09e644-cc13-422f-820c-dff75bad6220,javaHome=C:\Users\Ronal\.antigravity\extensions\redhat.java-1.12.0-win32-x64\jre\17.0.4.1-win32-x86_64,javaVersion=17,javaVendor=Eclipse Adoptium,daemonRegistryDir=C:\Users\Ronal\.gradle\daemon,pid=23600,idleTimeout=10800000,priority=NORMAL,applyInstrumentationAgent=true,nativeServicesMode=ENABLED,daemonOpts=-XX:MaxMetaspaceSize=384m,-XX:+HeapDumpOnOutOfMemoryError,-Xms256m,-Xmx512m,-Dfile.encoding=UTF-8,-Duser.country=ES,-Duser.language=es,-Duser.variant]} however its context does not match the desired criteria.
JVM is incompatible.
Wanted: DaemonRequestContext{jvmCriteria=C:\Program Files\java\jdk-24.0.2 (no JDK specified, using current Java home), daemonOpts=[--enable-native-access=ALL-UNNAMED, -Dfile.encoding=UTF-8, -Duser.country=ES, -Duser.language=es, -Duser.variant], applyInstrumentationAgent=true, nativeServicesMode=ENABLED, priority=NORMAL}
Actual: DefaultDaemonContext[uid=3c09e644-cc13-422f-820c-dff75bad6220,javaHome=C:\Users\Ronal\.antigravity\extensions\redhat.java-1.12.0-win32-x64\jre\17.0.4.1-win32-x86_64,javaVersion=17,javaVendor=Eclipse Adoptium,daemonRegistryDir=C:\Users\Ronal\.gradle\daemon,pid=23600,idleTimeout=10800000,priority=NORMAL,applyInstrumentationAgent=true,nativeServicesMode=ENABLED,daemonOpts=-XX:MaxMetaspaceSize=384m,-XX:+HeapDumpOnOutOfMemoryError,-Xms256m,-Xmx512m,-Dfile.encoding=UTF-8,-Duser.country=ES,-Duser.language=es,-Duser.variant]

  Looking for a different daemon...
Found daemon DaemonInfo{pid=1200, address=[27b9b424-4ca9-4801-8af4-d5bf725709bd port:63308, addresses:[/127.0.0.1]], state=Idle, lastBusy=1773097272132, context=DefaultDaemonContext[uid=81c8f7f7-9098-4caa-9ae4-bd4130e1a801,javaHome=C:\Users\Ronal\.antigravity\extensions\redhat.java-1.53.0-win32-x64\jre\21.0.10-win32-x86_64,javaVersion=21,javaVendor=Eclipse Adoptium,daemonRegistryDir=C:\Users\Ronal\.gradle\daemon,pid=1200,idleTimeout=10800000,priority=NORMAL,applyInstrumentationAgent=true,nativeServicesMode=ENABLED,daemonOpts=--enable-native-access=ALL-UNNAMED,-Dfile.encoding=UTF-8,-Duser.country=ES,-Duser.language=es,-Duser.variant]} however its context does not match the desired criteria.
JVM is incompatible.
Wanted: DaemonRequestContext{jvmCriteria=C:\Program Files\java\jdk-24.0.2 (no JDK specified, using current Java home), daemonOpts=[--enable-native-access=ALL-UNNAMED, -Dfile.encoding=UTF-8, -Duser.country=ES, -Duser.language=es, -Duser.variant], applyInstrumentationAgent=true, nativeServicesMode=ENABLED, priority=NORMAL}
Actual: DefaultDaemonContext[uid=81c8f7f7-9098-4caa-9ae4-bd4130e1a801,javaHome=C:\Users\Ronal\.antigravity\extensions\redhat.java-1.53.0-win32-x64\jre\21.0.10-win32-x86_64,javaVersion=21,javaVendor=Eclipse Adoptium,daemonRegistryDir=C:\Users\Ronal\.gradle\daemon,pid=1200,idleTimeout=10800000,priority=NORMAL,applyInstrumentationAgent=true,nativeServicesMode=ENABLED,daemonOpts=--enable-native-access=ALL-UNNAMED,-Dfile.encoding=UTF-8,-Duser.country=ES,-Duser.language=es,-Duser.variant]

  Looking for a different daemon...
The client will now receive all logging from the daemon (pid: 7264). The daemon log file: C:\Users\Ronal\.gradle\daemon\8.14.4\daemon-7264.out.log
Starting 10th build in daemon [uptime: 3 mins 9.166 secs, performance: 100%, GC rate: 0.00/s, heap usage: 0% of 3.9 GiB]
Using 12 worker leases.
Now considering [D:\Escritorio\framework con IA] as hierarchies to watch
Watching the file system is configured to be enabled if available
File system watching is active
Starting Build
Settings evaluated using settings file 'D:\Escritorio\framework con IA\settings.gradle.kts'.
Projects loaded. Root project using build file 'D:\Escritorio\framework con IA\build.gradle.kts'.
Included projects: [root project 'Antigravity-QA-Core-Selenium']

> Configure project :
Evaluating root project 'Antigravity-QA-Core-Selenium' using build file 'D:\Escritorio\framework con IA\build.gradle.kts'.
Resolved plugin [id: 'java']
Resolved plugin [id: 'io.qameta.allure', version: '2.12.0']
All projects evaluated.
Task name matched 'test'
Selected primary task 'test' from project :
Tasks to be executed: [task ':compileJava', task ':processResources', task ':classes', task ':compileTestJava', task ':processTestResources', task ':testClasses', task ':test']
Tasks that were excluded: []
Resolve mutations for :compileJava (Thread[#720,Execution worker Thread 2,5,main]) started.
:compileJava (Thread[#720,Execution worker Thread 2,5,main]) started.

> Task :compileJava NO-SOURCE
Skipping task ':compileJava' as it has no source files and no previous output files.
Resolve mutations for :processResources (Thread[#720,Execution worker Thread 2,5,main]) started.
:processResources (Thread[#720,Execution worker Thread 2,5,main]) started.

> Task :processResources NO-SOURCE
Skipping task ':processResources' as it has no source files and no previous output files.
Resolve mutations for :classes (Thread[#720,Execution worker Thread 2,5,main]) started.
:classes (Thread[#720,Execution worker Thread 2,5,main]) started.

> Task :classes UP-TO-DATE
Skipping task ':classes' as it has no actions.
Resolve mutations for :compileTestJava (Thread[#720,Execution worker Thread 2,5,main]) started.
:compileTestJava (Thread[#720,Execution worker Thread 2,5,main]) started.

> Task :compileTestJava
allure-gradle: added dependency io.qameta.allure:allure-junit5:2.29.0 to apiElements scope of org.junit.jupiter:junit-jupiter-api:5.12.1
Caching disabled for task ':compileTestJava' because:
  Build cache is disabled
Task ':compileTestJava' is not up-to-date because:
  Executed with '--rerun-tasks'.
The input changes require a full rebuild for incremental task ':compileTestJava'.
Compilation mode: default, forking compiler
Full recompilation is required because no incremental change information is available. This is usually caused by clean builds or changing compiler arguments.
Compiling with toolchain 'C:\Users\Ronal\.jdks\ms-21.0.9'.
Compiling with JDK Java compiler API.
Class dependency analysis for incremental compilation took 0.005 secs.
Created classpath snapshot for incremental compilation in 0.01 secs.
Resolve mutations for :processTestResources (Thread[#720,Execution worker Thread 2,5,main]) started.
:processTestResources (Thread[#720,Execution worker Thread 2,5,main]) started.

> Task :processTestResources
Caching disabled for task ':processTestResources' because:
  Build cache is disabled
  Not worth caching
Task ':processTestResources' is not up-to-date because:
  Executed with '--rerun-tasks'.
Resolve mutations for :testClasses (Thread[#720,Execution worker Thread 2,5,main]) started.
:testClasses (Thread[#720,Execution worker Thread 2,5,main]) started.

> Task :testClasses
Skipping task ':testClasses' as it has no actions.
Resolve mutations for :test (Thread[#720,Execution worker Thread 2,5,main]) started.
:test (Thread[#720,Execution worker Thread 2,5,main]) started.
Gradle Test Executor 11 started executing tests.

> Task :test
allure-gradle: added dependency io.qameta.allure:allure-junit5:2.29.0 to runtimeElements scope of org.junit.jupiter:junit-jupiter-api:5.12.1
Custom actions are attached to task ':test'.
Caching disabled for task ':test' because:
  Build cache is disabled
  Output property '$1$1' contains a file tree
Task ':test' is not up-to-date because:
  Executed with '--rerun-tasks'.
Starting process 'Gradle Test Executor 11'. Working directory: D:\Escritorio\framework con IA Command: C:\Users\Ronal\.jdks\ms-21.0.9\bin\java.exe -Dallure.results.directory=build/allure-results -Djunit.jupiter.extensions.autodetection.enabled=true -Dorg.gradle.internal.worker.tmpdir=D:\Escritorio\framework con IA\build\tmp\test\work -javaagent:C:\Users\Ronal\.gradle\caches\modules-2\files-2.1\org.aspectj\aspectjweaver\1.9.22.1\bca243d0af0db4758fbae45c5f4995cb5dabb612\aspectjweaver-1.9.22.1.jar @C:\Users\Ronal\.gradle\.tmp\gradle-worker-classpath6028083797432881823txt -Xmx512m -Dfile.encoding=UTF-8 -Duser.country=ES -Duser.language=es -Duser.variant -ea worker.org.gradle.process.internal.worker.GradleWorkerMain 'Gradle Test Executor 11'
Successfully started process 'Gradle Test Executor 11'

Gradle Test Executor 11 STANDARD_ERROR
    SLF4J(W): No SLF4J providers were found.
    SLF4J(W): Defaulting to no-operation (NOP) logger implementation
    SLF4J(W): See https://www.slf4j.org/codes.html#noProviders for further details.
    mar 09, 2026 8:13:48 P.┬áM. io.cucumber.junit.platform.engine.DiscoverySelectorResolver warnWhenCucumberFeaturesPropertyIsUsed
    ADVERTENCIA: Discovering tests using the cucumber.features property. Other discovery selectors are ignored!

    This is a work around for the limited JUnit 5 support in Maven and Gradle. Please request/upvote/sponsor/ect better support for JUnit 5 discovery selectors. For details see: https://github.com/cucumber/cucumber-jvm/pull/2498

    If you are using the JUnit 5 Suite Engine, Platform Launcher API or Console Launcher you should not use this property. Please consult the JUnit 5 documentation on test selection.

TestRunner > Cucumber > Login Flow Challenge > Failed login with invalid credentials > Examples > io.cucumber.junit.platform.engine.CucumberTestEngine.Example #1.5 STANDARD_OUT
    Entorno LOCAL detectado: Ejecutando navegador visual
    Entorno LOCAL detectado: Ejecutando navegador visual
    Entorno LOCAL detectado: Ejecutando navegador visual
    Entorno LOCAL detectado: Ejecutando navegador visual

TestRunner > Cucumber > Login Flow Challenge > Failed login with invalid credentials > Examples > io.cucumber.junit.platform.engine.CucumberTestEngine.Example #1.5 STANDARD_ERROR
    mar 09, 2026 8:13:50 P.┬áM. org.openqa.selenium.devtools.CdpVersionFinder findNearestMatch
    ADVERTENCIA: Unable to find CDP implementation matching 145
    mar 09, 2026 8:13:50 P.┬áM. org.openqa.selenium.devtools.CdpVersionFinder findNearestMatch
    ADVERTENCIA: Unable to find CDP implementation matching 145
    mar 09, 2026 8:13:50 P.┬áM. org.openqa.selenium.chromium.ChromiumDriver lambda$new$5
    ADVERTENCIA: Unable to find version of CDP to use for 145.0.7632.160. You may need to include a dependency on a specific version of the CDP using something similar to `org.seleniumhq.selenium:selenium-devtools-v86:4.27.0` where the version ("v86") matches the version of the chromium-based browser you're using and the version number of the artifact is the same as Selenium's.
    mar 09, 2026 8:13:50 P.┬áM. org.openqa.selenium.devtools.CdpVersionFinder findNearestMatch
    ADVERTENCIA: Unable to find CDP implementation matching 145
    mar 09, 2026 8:13:50 P.┬áM. org.openqa.selenium.devtools.CdpVersionFinder findNearestMatch
    ADVERTENCIA: Unable to find CDP implementation matching 145
    mar 09, 2026 8:13:50 P.┬áM. org.openqa.selenium.chromium.ChromiumDriver lambda$new$5
    ADVERTENCIA: Unable to find version of CDP to use for 145.0.7632.160. You may need to include a dependency on a specific version of the CDP using something similar to `org.seleniumhq.selenium:selenium-devtools-v86:4.27.0` where the version ("v86") matches the version of the chromium-based browser you're using and the version number of the artifact is the same as Selenium's.
    mar 09, 2026 8:13:50 P.┬áM. org.openqa.selenium.chromium.ChromiumDriver lambda$new$5
    ADVERTENCIA: Unable to find version of CDP to use for 145.0.7632.160. You may need to include a dependency on a specific version of the CDP using something similar to `org.seleniumhq.selenium:selenium-devtools-v86:4.27.0` where the version ("v86") matches the version of the chromium-based browser you're using and the version number of the artifact is the same as Selenium's.
    mar 09, 2026 8:13:50 P.┬áM. org.openqa.selenium.chromium.ChromiumDriver lambda$new$5
    ADVERTENCIA: Unable to find version of CDP to use for 145.0.7632.160. You may need to include a dependency on a specific version of the CDP using something similar to `org.seleniumhq.selenium:selenium-devtools-v86:4.27.0` where the version ("v86") matches the version of the chromium-based browser you're using and the version number of the artifact is the same as Selenium's.

TestRunner > Cucumber > Login Flow Challenge > Failed login with invalid credentials > Examples > io.cucumber.junit.platform.engine.CucumberTestEngine.Example #1.4 STANDARD_OUT
    Entorno LOCAL detectado: Ejecutando navegador visual

TestRunner > Cucumber > Login Flow Challenge > Failed login with invalid credentials > Examples > io.cucumber.junit.platform.engine.CucumberTestEngine.Example #1.3 STANDARD_OUT
    Entorno LOCAL detectado: Ejecutando navegador visual

TestRunner > Cucumber > Login Flow Challenge > Failed login with invalid credentials > Examples STANDARD_ERROR
    mar 09, 2026 8:13:52 P.┬áM. org.openqa.selenium.devtools.CdpVersionFinder findNearestMatch
    ADVERTENCIA: Unable to find CDP implementation matching 145
    mar 09, 2026 8:13:53 P.┬áM. org.openqa.selenium.chromium.ChromiumDriver lambda$new$5
    ADVERTENCIA: Unable to find version of CDP to use for 145.0.7632.160. You may need to include a dependency on a specific version of the CDP using something similar to `org.seleniumhq.selenium:selenium-devtools-v86:4.27.0` where the version ("v86") matches the version of the chromium-based browser you're using and the version number of the artifact is the same as Selenium's.
    mar 09, 2026 8:13:53 P.┬áM. org.openqa.selenium.devtools.CdpVersionFinder findNearestMatch
    ADVERTENCIA: Unable to find CDP implementation matching 145
    mar 09, 2026 8:13:53 P.┬áM. org.openqa.selenium.chromium.ChromiumDriver lambda$new$5
    ADVERTENCIA: Unable to find version of CDP to use for 145.0.7632.160. You may need to include a dependency on a specific version of the CDP using something similar to `org.seleniumhq.selenium:selenium-devtools-v86:4.27.0` where the version ("v86") matches the version of the chromium-based browser you're using and the version number of the artifact is the same as Selenium's.

Gradle Test Executor 11 finished executing tests.

> Task :test
Finished generating test XML results (0.004 secs) into: D:\Escritorio\framework con IA\build\test-results\test
Generating HTML test report...
Finished generating test html results (0.013 secs) into: D:\Escritorio\framework con IA\build\reports\tests\test

[Incubating] Problems report is available at: file:///D:/Escritorio/framework%20con%20IA/build/reports/problems/problems-report.html

Deprecated Gradle features were used in this build, making it incompatible with Gradle 9.0.

You can use '--warning-mode all' to show the individual deprecation warnings and determine if they come from your own scripts or plugins.

For more on this, please refer to https://docs.gradle.org/8.14.4/userguide/command_line_interface.html#sec:command_line_warnings in the Gradle documentation.

BUILD SUCCESSFUL in 9s
3 actionable tasks: 3 executed
Watched directory hierarchies: [D:\Escritorio\framework con IA]
